2026-07-01 23:35:56,458 WARNING database DDL Query made to DB:
create table `tabAgent Summary Prompt` (
			name varchar(140) primary key,
			creation datetime(6),
			modified datetime(6),
			modified_by varchar(140),
			owner varchar(140),
			docstatus tinyint not null default '0',
			idx int not null default '0',
			`title` varchar(140),
`slug` varchar(140) UNIQUE,
`category` varchar(140),
`description` text,
`is_active` tinyint(4) NOT NULL DEFAULT 1,
`is_system` tinyint(4) NOT NULL DEFAULT 0,
`visibility` varchar(140) DEFAULT 'Private',
`tags` text,
`prompt_body` longtext,
`version` int(11) NOT NULL DEFAULT 1,
`is_latest` tinyint(4) NOT NULL DEFAULT 1,
`previous_version` varchar(140),
`forked_from` varchar(140),
`prompt_group` varchar(140),
`_user_tags` text,
`_comments` text,
`_assign` text,
`_liked_by` text,
index creation(creation),
index modified(modified))
			ENGINE=InnoDB
			ROW_FORMAT=DYNAMIC
			CHARACTER SET=utf8mb4
			COLLATE=utf8mb4_unicode_ci
2026-07-01 23:35:56,483 WARNING database DDL Query made to DB:
create table `tabAgent Summary Prompt Category` (
			name varchar(140) primary key,
			creation datetime(6),
			modified datetime(6),
			modified_by varchar(140),
			owner varchar(140),
			docstatus tinyint not null default '0',
			idx int not null default '0',
			`category_name` varchar(140) UNIQUE,
`description` text,
`icon` varchar(140),
`color` varchar(140),
`parent_category` varchar(140),
`_user_tags` text,
`_comments` text,
`_assign` text,
`_liked_by` text,
index creation(creation),
index modified(modified))
			ENGINE=InnoDB
			ROW_FORMAT=DYNAMIC
			CHARACTER SET=utf8mb4
			COLLATE=utf8mb4_unicode_ci
2026-07-01 23:35:56,503 WARNING database DDL Query made to DB:
create table `tabAgent Tool` (
			name varchar(140) primary key,
			creation datetime(6),
			modified datetime(6),
			modified_by varchar(140),
			owner varchar(140),
			docstatus tinyint not null default '0',
			idx int not null default '0',
			`tool` varchar(140),
`type` varchar(140),
`description` text,
parent varchar(140),
parentfield varchar(140),
parenttype varchar(140),
index parent(parent))
			ENGINE=InnoDB
			ROW_FORMAT=DYNAMIC
			CHARACTER SET=utf8mb4
			COLLATE=utf8mb4_unicode_ci
2026-07-01 23:35:56,530 WARNING database DDL Query made to DB:
create table `tabAgent Tool Call` (
			name varchar(140) primary key,
			creation datetime(6),
			modified datetime(6),
			modified_by varchar(140),
			owner varchar(140),
			docstatus tinyint not null default '0',
			idx int not null default '0',
			`agent_run` varchar(140),
`conversation` varchar(140),
`tool` varchar(140),
`is_mcp_tool` tinyint(4) NOT NULL DEFAULT 0,
`mcp_server` varchar(140),
`tool_args` json,
`tool_result` json,
`status` varchar(140),
`call_id` longtext,
`error_message` text,
`_user_tags` text,
`_comments` text,
`_assign` text,
`_liked_by` text,
index creation(creation),
index modified(modified))
			ENGINE=InnoDB
			ROW_FORMAT=DYNAMIC
			CHARACTER SET=utf8mb4
			COLLATE=utf8mb4_unicode_ci
2026-07-01 23:35:56,558 WARNING database DDL Query made to DB:
create table `tabAgent Tool Function` (
			name varchar(140) primary key,
			creation datetime(6),
			modified datetime(6),
			modified_by varchar(140),
			owner varchar(140),
			docstatus tinyint not null default '0',
			idx int not null default '0',
			`tool_name` varchar(140) UNIQUE,
`tool_type` varchar(140),
`description` text,
`types` varchar(140),
`reference_doctype` varchar(140),
`agent` varchar(140),
`base_url` varchar(140),
`provider_app` varchar(140),
`pass_parameters_as_json` tinyint(4) NOT NULL DEFAULT 0,
`function_path` varchar(140),
`function_name` varchar(140),
`required_permission` varchar(140),
`is_read_only` tinyint(4) NOT NULL DEFAULT 0,
`allowed_for_guest` tinyint(4) NOT NULL DEFAULT 0,
`params` json,
`function_definition` json,
`source_app` varchar(140),
`source_file` varchar(140),
`_user_tags` text,
`_comments` text,
`_assign` text,
`_liked_by` text,
index creation(creation),
index modified(modified))
			ENGINE=InnoDB
			ROW_FORMAT=DYNAMIC
			CHARACTER SET=utf8mb4
			COLLATE=utf8mb4_unicode_ci
2026-07-01 23:35:56,576 WARNING database DDL Query made to DB:
create table `tabAgent Tool HTTP Header` (
			name varchar(140) primary key,
			creation datetime(6),
			modified datetime(6),
			modified_by varchar(140),
			owner varchar(140),
			docstatus tinyint not null default '0',
			idx int not null default '0',
			`key` varchar(140),
`value` varchar(140),
parent varchar(140),
parentfield varchar(140),
parenttype varchar(140),
index parent(parent))
			ENGINE=InnoDB
			ROW_FORMAT=DYNAMIC
			CHARACTER SET=utf8mb4
			COLLATE=utf8mb4_unicode_ci
2026-07-01 23:35:56,595 WARNING database DDL Query made to DB:
create table `tabAgent Tool Type` (
			name varchar(140) primary key,
			creation datetime(6),
			modified datetime(6),
			modified_by varchar(140),
			owner varchar(140),
			docstatus tinyint not null default '0',
			idx int not null default '0',
			`name1` varchar(140) UNIQUE,
`_user_tags` text,
`_comments` text,
`_assign` text,
`_liked_by` text,
index creation(creation),
index modified(modified))
			ENGINE=InnoDB
			ROW_FORMAT=DYNAMIC
			CHARACTER SET=utf8mb4
			COLLATE=utf8mb4_unicode_ci
2026-07-01 23:35:56,620 WARNING database DDL Query made to DB:
create table `tabAgent Trigger` (
			name varchar(140) primary key,
			creation datetime(6),
			modified datetime(6),
			modified_by varchar(140),
			owner varchar(140),
			docstatus tinyint not null default '0',
			idx int not null default '0',
			`trigger_name` varchar(140) UNIQUE,
`agent` varchar(140),
`status` varchar(140),
`disabled` tinyint(4) NOT NULL DEFAULT 0,
`trigger_type` varchar(140),
`doc_event` varchar(140),
`scheduled_interval` varchar(140),
`next_execution` datetime(6),
`condition` longtext,
`event_name` varchar(140),
`webhook_slug` varchar(140),
`reference_doctype` varchar(140),
`prompt_field` varchar(140),
`interval_count` int(11) NOT NULL DEFAULT 0,
`last_execution` datetime(6),
`webhook_key` varchar(140),
`app_name` varchar(140),
`source_system` varchar(140),
`metadata` json,
`disabled_reason` text,
`is_virtual` tinyint(4) NOT NULL DEFAULT 0,
`source_app` varchar(140),
`source_file` varchar(140),
`_user_tags` text,
`_comments` text,
`_assign` text,
`_liked_by` text,
index creation(creation),
index modified(modified))
			ENGINE=InnoDB
			ROW_FORMAT=DYNAMIC
			CHARACTER SET=utf8mb4
			COLLATE=utf8mb4_unicode_ci
2026-07-01 23:35:56,638 WARNING database DDL Query made to DB:
create table `tabAgent Trigger Attachment` (
			name varchar(140) primary key,
			creation datetime(6),
			modified datetime(6),
			modified_by varchar(140),
			owner varchar(140),
			docstatus tinyint not null default '0',
			idx int not null default '0',
			`source_type` varchar(140) DEFAULT 'DocField',
`child_table` varchar(140),
`field_name` varchar(140),
parent varchar(140),
parentfield varchar(140),
parenttype varchar(140),
index parent(parent))
			ENGINE=InnoDB
			ROW_FORMAT=DYNAMIC
			CHARACTER SET=utf8mb4
			COLLATE=utf8mb4_unicode_ci
2026-07-01 23:35:56,658 WARNING database DDL Query made to DB:
create table `tabAgent User` (
			name varchar(140) primary key,
			creation datetime(6),
			modified datetime(6),
			modified_by varchar(140),
			owner varchar(140),
			docstatus tinyint not null default '0',
			idx int not null default '0',
			`user` varchar(140),
parent varchar(140),
parentfield varchar(140),
parenttype varchar(140),
index parent(parent))
			ENGINE=InnoDB
			ROW_FORMAT=DYNAMIC
			CHARACTER SET=utf8mb4
			COLLATE=utf8mb4_unicode_ci
2026-07-01 23:35:56,678 WARNING database DDL Query made to DB:
create table `tabAI Model` (
			name varchar(140) primary key,
			creation datetime(6),
			modified datetime(6),
			modified_by varchar(140),
			owner varchar(140),
			docstatus tinyint not null default '0',
			idx int not null default '0',
			`model_name` varchar(140) UNIQUE,
`provider` varchar(140),
`modalities` varchar(140),
`use_custom_pricing` tinyint(4) NOT NULL DEFAULT 0,
`input_cost_per_1m_tokens` decimal(21,8) NOT NULL DEFAULT 0.0,
`output_cost_per_1m_tokens` decimal(21,8) NOT NULL DEFAULT 0.0,
`cached_input_cost_per_1m_tokens` decimal(21,8) NOT NULL DEFAULT 0.0,
`_user_tags` text,
`_comments` text,
`_assign` text,
`_liked_by` text,
index creation(creation),
index modified(modified))
			ENGINE=InnoDB
			ROW_FORMAT=DYNAMIC
			CHARACTER SET=utf8mb4
			COLLATE=utf8mb4_unicode_ci
2026-07-01 23:35:56,698 WARNING database DDL Query made to DB:
create table `tabAI Provider` (
			name varchar(140) primary key,
			creation datetime(6),
			modified datetime(6),
			modified_by varchar(140),
			owner varchar(140),
			docstatus tinyint not null default '0',
			idx int not null default '0',
			`is_local_llm` tinyint(4) NOT NULL DEFAULT 0,
`url` varchar(140),
`port` int(11) NOT NULL DEFAULT 0,
`provider_name` varchar(140) UNIQUE,
`api_key` text,
`slug` varchar(140),
`chef` varchar(140),
`_user_tags` text,
`_comments` text,
`_assign` text,
`_liked_by` text,
index creation(creation),
index modified(modified))
			ENGINE=InnoDB
			ROW_FORMAT=DYNAMIC
			CHARACTER SET=utf8mb4
			COLLATE=utf8mb4_unicode_ci
2026-07-01 23:35:56,727 WARNING database DDL Query made to DB:
create table `tabFlow Definition` (
			name varchar(140) primary key,
			creation datetime(6),
			modified datetime(6),
			modified_by varchar(140),
			owner varchar(140),
			docstatus tinyint not null default '0',
			idx int not null default '0',
			`flow_id` varchar(140) UNIQUE,
`flow_name` varchar(140),
`status` varchar(140) DEFAULT 'Draft',
`version` int(11) NOT NULL DEFAULT 1,
`schema_version` int(11) NOT NULL DEFAULT 1,
`definition_json` json,
`is_system` tinyint(4) NOT NULL DEFAULT 0,
`updated_by` varchar(140),
`updated_at` datetime(6),
`_user_tags` text,
`_comments` text,
`_assign` text,
`_liked_by` text,
index creation(creation),
index modified(modified))
			ENGINE=InnoDB
			ROW_FORMAT=DYNAMIC
			CHARACTER SET=utf8mb4
			COLLATE=utf8mb4_unicode_ci
2026-07-01 23:35:56,760 WARNING database DDL Query made to DB:
create table `tabFlow Run` (
			name varchar(140) primary key,
			creation datetime(6),
			modified datetime(6),
			modified_by varchar(140),
			owner varchar(140),
			docstatus tinyint not null default '0',
			idx int not null default '0',
			`flow_definition` varchar(140),
`flow_id` varchar(140),
`flow_version` int(11) NOT NULL DEFAULT 0,
`mode` varchar(140) DEFAULT 'Normal',
`status` varchar(140) DEFAULT 'Queued',
`trigger_type` varchar(140) DEFAULT 'Manual',
`current_node_id` varchar(140),
`hop_count` int(11) NOT NULL DEFAULT 0,
`max_hops` int(11) NOT NULL DEFAULT 100,
`last_agent_run` varchar(140),
`conversation` varchar(140),
`context_json` json DEFAULT '{}',
`trigger_payload` json,
`waiting` json,
`last_error` text,
`started_at` datetime(6),
`completed_at` datetime(6),
`_user_tags` text,
`_comments` text,
`_assign` text,
`_liked_by` text,
index creation(creation),
index modified(modified))
			ENGINE=InnoDB
			ROW_FORMAT=DYNAMIC
			CHARACTER SET=utf8mb4
			COLLATE=utf8mb4_unicode_ci
2026-07-01 23:35:56,797 WARNING database DDL Query made to DB:
create table `tabHuf Data Table` (
			name varchar(140) primary key,
			creation datetime(6),
			modified datetime(6),
			modified_by varchar(140),
			owner varchar(140),
			docstatus tinyint not null default '0',
			idx int not null default '0',
			`table_name` varchar(140) UNIQUE,
`doctype_name` varchar(140) UNIQUE,
`autoname_method` varchar(140) DEFAULT 'Autoincrement',
`title_field_name` varchar(140),
`description` text,
`icon` varchar(140),
`field_count` int(11) NOT NULL DEFAULT 0,
`record_count` int(11) NOT NULL DEFAULT 0,
`is_active` tinyint(4) NOT NULL DEFAULT 1,
`_user_tags` text,
`_comments` text,
`_assign` text,
`_liked_by` text,
index creation(creation),
index modified(modified))
			ENGINE=InnoDB
			ROW_FORMAT=DYNAMIC
			CHARACTER SET=utf8mb4
			COLLATE=utf8mb4_unicode_ci
2026-07-01 23:35:56,818 WARNING database DDL Query made to DB:
create table `tabHuf Role` (
			name varchar(140) primary key,
			creation datetime(6),
			modified datetime(6),
			modified_by varchar(140),
			owner varchar(140),
			docstatus tinyint not null default '0',
			idx int not null default '0',
			`role_name` varchar(140) UNIQUE,
`description` text,
`is_system_role` tinyint(4) NOT NULL DEFAULT 0,
`frappe_role` varchar(140),
`_user_tags` text,
`_comments` text,
`_assign` text,
`_liked_by` text,
index creation(creation),
index modified(modified))
			ENGINE=InnoDB
			ROW_FORMAT=DYNAMIC
			CHARACTER SET=utf8mb4
			COLLATE=utf8mb4_unicode_ci
2026-07-01 23:35:56,837 WARNING database DDL Query made to DB:
create table `tabHuf Role Permission` (
			name varchar(140) primary key,
			creation datetime(6),
			modified datetime(6),
			modified_by varchar(140),
			owner varchar(140),
			docstatus tinyint not null default '0',
			idx int not null default '0',
			`capability` varchar(140),
`label` varchar(140),
parent varchar(140),
parentfield varchar(140),
parenttype varchar(140),
index parent(parent))
			ENGINE=InnoDB
			ROW_FORMAT=DYNAMIC
			CHARACTER SET=utf8mb4
			COLLATE=utf8mb4_unicode_ci
2026-07-01 23:35:56,859 WARNING database DDL Query made to DB:
create table `tabHuf User Role` (
			name varchar(140) primary key,
			creation datetime(6),
			modified datetime(6),
			modified_by varchar(140),
			owner varchar(140),
			docstatus tinyint not null default '0',
			idx int not null default '0',
			`user` varchar(140) UNIQUE,
`full_name` varchar(140),
`huf_role` varchar(140),
`enabled` tinyint(4) NOT NULL DEFAULT 1,
`invited_by` varchar(140),
`invited_on` datetime(6),
`_user_tags` text,
`_comments` text,
`_assign` text,
`_liked_by` text,
index creation(creation),
index modified(modified))
			ENGINE=InnoDB
			ROW_FORMAT=DYNAMIC
			CHARACTER SET=utf8mb4
			COLLATE=utf8mb4_unicode_ci
2026-07-01 23:35:56,877 WARNING database DDL Query made to DB:
create table `tabIntegration Credential` (
			name varchar(140) primary key,
			creation datetime(6),
			modified datetime(6),
			modified_by varchar(140),
			owner varchar(140),
			docstatus tinyint not null default '0',
			idx int not null default '0',
			`key` varchar(140),
`value` text,
`description` text,
parent varchar(140),
parentfield varchar(140),
parenttype varchar(140),
index parent(parent))
			ENGINE=InnoDB
			ROW_FORMAT=DYNAMIC
			CHARACTER SET=utf8mb4
			COLLATE=utf8mb4_unicode_ci
2026-07-01 23:35:56,894 WARNING database DDL Query made to DB:
create table `tabIntegration Recipient` (
			name varchar(140) primary key,
			creation datetime(6),
			modified datetime(6),
			modified_by varchar(140),
			owner varchar(140),
			docstatus tinyint not null default '0',
			idx int not null default '0',
			`recipient_name` varchar(140),
`recipient_id` varchar(140),
`user` varchar(140),
parent varchar(140),
parentfield varchar(140),
parenttype varchar(140),
index parent(parent))
			ENGINE=InnoDB
			ROW_FORMAT=DYNAMIC
			CHARACTER SET=utf8mb4
			COLLATE=utf8mb4_unicode_ci
2026-07-01 23:35:56,917 WARNING database DDL Query made to DB:
create table `tabIntegration Service` (
			name varchar(140) primary key,
			creation datetime(6),
			modified datetime(6),
			modified_by varchar(140),
			owner varchar(140),
			docstatus tinyint not null default '0',
			idx int not null default '0',
			`service_name` varchar(140) UNIQUE,
`category` varchar(140),
`description` text,
`documentation_url` varchar(140),
`required_credentials` json,
`is_builtin` tinyint(4) NOT NULL DEFAULT 0,
`_user_tags` text,
`_comments` text,
`_assign` text,
`_liked_by` text,
index creation(creation),
index modified(modified))
			ENGINE=InnoDB
			ROW_FORMAT=DYNAMIC
			CHARACTER SET=utf8mb4
			COLLATE=utf8mb4_unicode_ci
2026-07-01 23:35:56,942 WARNING database DDL Query made to DB:
create table `tabIntegration Settings` (
			name varchar(140) primary key,
			creation datetime(6),
			modified datetime(6),
			modified_by varchar(140),
			owner varchar(140),
			docstatus tinyint not null default '0',
			idx int not null default '0',
			`service` varchar(140),
`is_active` tinyint(4) NOT NULL DEFAULT 1,
`is_default` tinyint(4) NOT NULL DEFAULT 0,
`telegram_agent` varchar(140),
`telegram_auto_setup_webhook` tinyint(4) NOT NULL DEFAULT 1,
`telegram_webhook_secret` text,
`telegram_webhook_url` varchar(140),
`telegram_webhook_status` text,
`telegram_last_webhook_setup` datetime(6),
`last_used` datetime(6),
`last_error` text,
`_user_tags` text,
`_comments` text,
`_assign` text,
`_liked_by` text,
index creation(creation),
index modified(modified))
			ENGINE=InnoDB
			ROW_FORMAT=DYNAMIC
			CHARACTER SET=utf8mb4
			COLLATE=utf8mb4_unicode_ci
2026-07-01 23:35:56,963 WARNING database DDL Query made to DB:
create table `tabKnowledge Input` (
			name varchar(140) primary key,
			creation datetime(6),
			modified datetime(6),
			modified_by varchar(140),
			owner varchar(140),
			docstatus tinyint not null default '0',
			idx int not null default '0',
			`knowledge_source` varchar(140),
`input_type` varchar(140),
`file` text,
`file_name` varchar(140),
`file_type` varchar(140),
`text` longtext,
`url` varchar(140),
`status` varchar(140),
`source_hash` varchar(140),
`chunks_created` int(11) NOT NULL DEFAULT 0,
`character_count` int(11) NOT NULL DEFAULT 0,
`processed_at` datetime(6),
`error_message` text,
`_user_tags` text,
`_comments` text,
`_assign` text,
`_liked_by` text,
index creation(creation),
index modified(modified))
			ENGINE=InnoDB
			ROW_FORMAT=DYNAMIC
			CHARACTER SET=utf8mb4
			COLLATE=utf8mb4_unicode_ci
2026-07-01 23:35:56,991 WARNING database DDL Query made to DB:
create table `tabKnowledge Source` (
			name varchar(140) primary key,
			creation datetime(6),
			modified datetime(6),
			modified_by varchar(140),
			owner varchar(140),
			docstatus tinyint not null default '0',
			idx int not null default '0',
			`source_name` varchar(140) UNIQUE,
`description` text,
`knowledge_type` varchar(140),
`scope` varchar(140) DEFAULT 'Site',
`embedding_model` varchar(140),
`vector_dimension` int(11) NOT NULL DEFAULT 1536,
`embedding_provider` varchar(140),
`chroma_mode` varchar(140) DEFAULT 'File',
`chroma_host` varchar(140) DEFAULT 'localhost',
`chroma_port` int(11) NOT NULL DEFAULT 8000,
`chroma_ssl` tinyint(4) NOT NULL DEFAULT 0,
`storage_mode` varchar(140) DEFAULT 'Frappe File',
`sqlite_file` text,
`sqlite_file_path` varchar(140),
`chunk_size` int(11) NOT NULL DEFAULT 512,
`chunk_overlap` int(11) NOT NULL DEFAULT 50,
`status` varchar(140) DEFAULT 'Pending',
`last_indexed_at` datetime(6),
`total_chunks` int(11) NOT NULL DEFAULT 0,
`total_inputs` int(11) NOT NULL DEFAULT 0,
`index_size_bytes` int(11) NOT NULL DEFAULT 0,
`error_message` text,
`disabled` tinyint(4) NOT NULL DEFAULT 0,
`source_app` varchar(140),
`source_file` varchar(140),
`_user_tags` text,
`_comments` text,
`_assign` text,
`_liked_by` text,
index creation(creation),
index modified(modified))
			ENGINE=InnoDB
			ROW_FORMAT=DYNAMIC
			CHARACTER SET=utf8mb4
			COLLATE=utf8mb4_unicode_ci
2026-07-01 23:35:57,013 WARNING database DDL Query made to DB:
create table `tabMCP Server` (
			name varchar(140) primary key,
			creation datetime(6),
			modified datetime(6),
			modified_by varchar(140),
			owner varchar(140),
			docstatus tinyint not null default '0',
			idx int not null default '0',
			`server_name` varchar(140) UNIQUE,
`description` text,
`enabled` tinyint(4) NOT NULL DEFAULT 1,
`tool_namespace` varchar(140),
`timeout_seconds` int(11) NOT NULL DEFAULT 30,
`transport_type` varchar(140) DEFAULT 'http',
`server_url` varchar(140),
`auth_type` varchar(140) DEFAULT 'none',
`auth_header_name` varchar(140) DEFAULT 'Authorization',
`auth_header_value` text,
`enable_auto_sync` tinyint(4) NOT NULL DEFAULT 0,
`auto_sync_interval` int(11) NOT NULL DEFAULT 1,
`last_sync` datetime(6),
`available_tools` longtext,
`_user_tags` text,
`_comments` text,
`_assign` text,
`_liked_by` text,
index creation(creation),
index modified(modified))
			ENGINE=InnoDB
			ROW_FORMAT=DYNAMIC
			CHARACTER SET=utf8mb4
			COLLATE=utf8mb4_unicode_ci
2026-07-01 23:35:57,031 WARNING database DDL Query made to DB:
create table `tabMCP Server Header` (
			name varchar(140) primary key,
			creation datetime(6),
			modified datetime(6),
			modified_by varchar(140),
			owner varchar(140),
			docstatus tinyint not null default '0',
			idx int not null default '0',
			`header_name` varchar(140),
`header_value` varchar(140),
parent varchar(140),
parentfield varchar(140),
parenttype varchar(140),
index parent(parent))
			ENGINE=InnoDB
			ROW_FORMAT=DYNAMIC
			CHARACTER SET=utf8mb4
			COLLATE=utf8mb4_unicode_ci
2026-07-01 23:35:57,046 WARNING database DDL Query made to DB:
create table `tabMCP Server Tool` (
			name varchar(140) primary key,
			creation datetime(6),
			modified datetime(6),
			modified_by varchar(140),
			owner varchar(140),
			docstatus tinyint not null default '0',
			idx int not null default '0',
			`tool_name` varchar(140),
`enabled` tinyint(4) NOT NULL DEFAULT 1,
`description` text,
`parameters` longtext,
parent varchar(140),
parentfield varchar(140),
parenttype varchar(140),
index parent(parent))
			ENGINE=InnoDB
			ROW_FORMAT=DYNAMIC
			CHARACTER SET=utf8mb4
			COLLATE=utf8mb4_unicode_ci
